This is pdfTeX, Version 3.141592653-2.6-1.40.29 (TeX Live 2026) (preloaded format=pdflatex 2026.3.9)  4 SEP 2026 18:19
entering extended mode
 restricted \write18 enabled.
 file:line:error style messages enabled.
 %&-line parsing enabled.
**/Users/tommasopellegrini/Documents/GitHub/BPM-project/Paper.tex
(/Users/tommasopellegrini/Documents/GitHub/BPM-project/Paper.tex
LaTeX2e <2025-11-01>
L3 programming layer <2026-01-19>
(/usr/local/texlive/2026/texmf-dist/tex/latex/base/article.cls
Document Class: article 2025/01/22 v1.4n Standard LaTeX document class
(/usr/local/texlive/2026/texmf-dist/tex/latex/base/size11.clo
File: size11.clo 2025/01/22 v1.4n Standard LaTeX file (size option)
)
\c@part=\count275
\c@section=\count276
\c@subsection=\count277
\c@subsubsection=\count278
\c@paragraph=\count279
\c@subparagraph=\count280
\c@figure=\count281
\c@table=\count282
\abovecaptionskip=\skip49
\belowcaptionskip=\skip50
\bibindent=\dimen148
) (/usr/local/texlive/2026/texmf-dist/tex/latex/base/inputenc.sty
Package: inputenc 2024/02/08 v1.3d Input encoding file
\inpenc@prehook=\toks17
\inpenc@posthook=\toks18
) (/usr/local/texlive/2026/texmf-dist/tex/latex/base/fontenc.sty
Package: fontenc 2025/07/18 v2.1d Standard LaTeX package
) (/usr/local/texlive/2026/texmf-dist/tex/generic/babel/babel.sty
Package: babel 2026/02/14 v26.3 The multilingual framework for LuaLaTeX, pdfLaTeX and XeLaTeX
\babel@savecnt=\count283
LaTeX Encoding Info:    Redeclaring text command \ij (encoding OT1) on input line 2078.
LaTeX Encoding Info:    Redeclaring text command \IJ (encoding OT1) on input line 2080.
LaTeX Encoding Info:    Redeclaring text command \ij (encoding T1) on input line 2082.
LaTeX Encoding Info:    Redeclaring text command \IJ (encoding T1) on input line 2083.
LaTeX Encoding Info:    Ignoring declaration for text command \ij (encoding ?) on input line 2084.
LaTeX Encoding Info:    Ignoring declaration for text command \IJ (encoding ?) on input line 2086.
LaTeX Encoding Info:    Ignoring declaration for text command \SS (encoding ?) on input line 2111.
\U@D=\dimen149
\l@unhyphenated=\language91
 (/usr/local/texlive/2026/texmf-dist/tex/generic/babel/txtbabel.def)
\bbl@readstream=\read2
\bbl@dirlevel=\count284
 (/usr/local/texlive/2026/texmf-dist/tex/generic/babel/locale/en/babel-english.tex)
Package babel Info: Importing font and identification data for english
(babel)             from babel-en.ini. Reported on input line 4330.
 (/usr/local/texlive/2026/texmf-dist/tex/generic/babel-english/english.ldf
Language: english 2017/06/06 v3.3r English support from the babel system
Package babel Info: Hyphen rules for 'canadian' set to \l@english
(babel)             (\language0). Reported on input line 102.
Package babel Info: Hyphen rules for 'australian' set to \l@ukenglish
(babel)             (\language22). Reported on input line 105.
Package babel Info: Hyphen rules for 'newzealand' set to \l@ukenglish
(babel)             (\language22). Reported on input line 108.
)) (/usr/local/texlive/2026/texmf-dist/tex/latex/geometry/geometry.sty
Package: geometry 2020/01/02 v5.9 Page Geometry
 (/usr/local/texlive/2026/texmf-dist/tex/latex/graphics/keyval.sty
Package: keyval 2022/05/29 v1.15 key=value parser (DPC)
\KV@toks@=\toks19
) (/usr/local/texlive/2026/texmf-dist/tex/generic/iftex/ifvtex.sty
Package: ifvtex 2019/10/25 v1.7 ifvtex legacy package. Use iftex instead.
 (/usr/local/texlive/2026/texmf-dist/tex/generic/iftex/iftex.sty
Package: iftex 2024/12/12 v1.0g TeX engine tests
))
\Gm@cnth=\count285
\Gm@cntv=\count286
\c@Gm@tempcnt=\count287
\Gm@bindingoffset=\dimen150
\Gm@wd@mp=\dimen151
\Gm@odd@mp=\dimen152
\Gm@even@mp=\dimen153
\Gm@layoutwidth=\dimen154
\Gm@layoutheight=\dimen155
\Gm@layouthoffset=\dimen156
\Gm@layoutvoffset=\dimen157
\Gm@dimlist=\toks20
) (/usr/local/texlive/2026/texmf-dist/tex/latex/psnfss/helvet.sty
Package: helvet 2020/03/25 PSNFSS-v9.3 (WaS) 
) (/usr/local/texlive/2026/texmf-dist/tex/latex/microtype/microtype.sty
Package: microtype 2026/03/01 v3.2d Micro-typographical refinements (RS)
 (/usr/local/texlive/2026/texmf-dist/tex/latex/etoolbox/etoolbox.sty
Package: etoolbox 2025/10/02 v2.5m e-TeX tools for LaTeX (JAW)
\etb@tempcnta=\count288
)
\MT@toks=\toks21
\MT@tempbox=\box53
\MT@count=\count289
LaTeX Info: Redefining \noprotrusionifhmode on input line 1084.
LaTeX Info: Redefining \leftprotrusion on input line 1085.
\MT@prot@toks=\toks22
LaTeX Info: Redefining \rightprotrusion on input line 1104.
LaTeX Info: Redefining \textls on input line 1449.
\MT@outer@kern=\dimen158
LaTeX Info: Redefining \microtypecontext on input line 2053.
LaTeX Info: Redefining \textmicrotypecontext on input line 2070.
\MT@listname@count=\count290
 (/usr/local/texlive/2026/texmf-dist/tex/latex/microtype/microtype-pdftex.def
File: microtype-pdftex.def 2026/03/01 v3.2d Definitions specific to pdftex (RS)
LaTeX Info: Redefining \lsstyle on input line 944.
LaTeX Info: Redefining \lslig on input line 944.
\MT@outer@space=\skip51
)
Package microtype Info: Loading configuration file microtype.cfg.
 (/usr/local/texlive/2026/texmf-dist/tex/latex/microtype/microtype.cfg
File: microtype.cfg 2026/03/01 v3.2d microtype main configuration file (RS)
)
LaTeX Info: Redefining \microtypesetup on input line 3065.
) (/usr/local/texlive/2026/texmf-dist/tex/latex/xcolor/xcolor.sty
Package: xcolor 2024/09/29 v3.02 LaTeX color extensions (UK)
 (/usr/local/texlive/2026/texmf-dist/tex/latex/graphics-cfg/color.cfg
File: color.cfg 2016/01/02 v1.6 sample color configuration
)
Package xcolor Info: Driver file: pdftex.def on input line 274.
 (/usr/local/texlive/2026/texmf-dist/tex/latex/graphics-def/pdftex.def
File: pdftex.def 2025/09/29 v1.2d Graphics/color driver for pdftex
) (/usr/local/texlive/2026/texmf-dist/tex/latex/graphics/mathcolor.ltx)
Package xcolor Info: Model `cmy' substituted by `cmy0' on input line 1349.
Package xcolor Info: Model `hsb' substituted by `rgb' on input line 1353.
Package xcolor Info: Model `RGB' extended on input line 1365.
Package xcolor Info: Model `HTML' substituted by `rgb' on input line 1367.
Package xcolor Info: Model `Hsb' substituted by `hsb' on input line 1368.
Package xcolor Info: Model `tHsb' substituted by `hsb' on input line 1369.
Package xcolor Info: Model `HSB' substituted by `hsb' on input line 1370.
Package xcolor Info: Model `Gray' substituted by `gray' on input line 1371.
Package xcolor Info: Model `wave' substituted by `hsb' on input line 1372.
) (/usr/local/texlive/2026/texmf-dist/tex/latex/titlesec/titlesec.sty
Package: titlesec 2025/01/04 v2.17 Sectioning titles
\ttl@box=\box54
\beforetitleunit=\skip52
\aftertitleunit=\skip53
\ttl@plus=\dimen159
\ttl@minus=\dimen160
\ttl@toksa=\toks23
\titlewidth=\dimen161
\titlewidthlast=\dimen162
\titlewidthfirst=\dimen163
) (/usr/local/texlive/2026/texmf-dist/tex/latex/hyperref/hyperref.sty
Package: hyperref 2026-01-29 v7.01p Hypertext links for LaTeX
 (/usr/local/texlive/2026/texmf-dist/tex/latex/kvsetkeys/kvsetkeys.sty
Package: kvsetkeys 2022-10-05 v1.19 Key value parser (HO)
) (/usr/local/texlive/2026/texmf-dist/tex/generic/kvdefinekeys/kvdefinekeys.sty
Package: kvdefinekeys 2019-12-19 v1.6 Define keys (HO)
) (/usr/local/texlive/2026/texmf-dist/tex/generic/pdfescape/pdfescape.sty
Package: pdfescape 2019/12/09 v1.15 Implements pdfTeX's escape features (HO)
 (/usr/local/texlive/2026/texmf-dist/tex/generic/ltxcmds/ltxcmds.sty
Package: ltxcmds 2023-12-04 v1.26 LaTeX kernel commands for general use (HO)
) (/usr/local/texlive/2026/texmf-dist/tex/generic/pdftexcmds/pdftexcmds.sty
Package: pdftexcmds 2020-06-27 v0.33 Utility functions of pdfTeX for LuaTeX (HO)
 (/usr/local/texlive/2026/texmf-dist/tex/generic/infwarerr/infwarerr.sty
Package: infwarerr 2019/12/03 v1.5 Providing info/warning/error messages (HO)
)
Package pdftexcmds Info: \pdf@primitive is available.
Package pdftexcmds Info: \pdf@ifprimitive is available.
Package pdftexcmds Info: \pdfdraftmode found.
)) (/usr/local/texlive/2026/texmf-dist/tex/latex/hycolor/hycolor.sty
Package: hycolor 2020-01-27 v1.10 Color options for hyperref/bookmark (HO)
) (/usr/local/texlive/2026/texmf-dist/tex/latex/hyperref/nameref.sty
Package: nameref 2026-01-29 v2.58 Cross-referencing by name of section
 (/usr/local/texlive/2026/texmf-dist/tex/latex/refcount/refcount.sty
Package: refcount 2019/12/15 v3.6 Data extraction from label references (HO)
) (/usr/local/texlive/2026/texmf-dist/tex/generic/gettitlestring/gettitlestring.sty
Package: gettitlestring 2019/12/15 v1.6 Cleanup title references (HO)
 (/usr/local/texlive/2026/texmf-dist/tex/latex/kvoptions/kvoptions.sty
Package: kvoptions 2022-06-15 v3.15 Key value format for package options (HO)
))
\c@section@level=\count291
) (/usr/local/texlive/2026/texmf-dist/tex/generic/stringenc/stringenc.sty
Package: stringenc 2019/11/29 v1.12 Convert strings between diff. encodings (HO)
)
\@linkdim=\dimen164
\Hy@linkcounter=\count292
\Hy@pagecounter=\count293
 (/usr/local/texlive/2026/texmf-dist/tex/latex/hyperref/pd1enc.def
File: pd1enc.def 2026-01-29 v7.01p Hyperref: PDFDocEncoding definition (HO)
Now handling font encoding PD1 ...
... no UTF-8 mapping file for font encoding PD1
) (/usr/local/texlive/2026/texmf-dist/tex/generic/intcalc/intcalc.sty
Package: intcalc 2019/12/15 v1.3 Expandable calculations with integers (HO)
)
\Hy@SavedSpaceFactor=\count294
 (/usr/local/texlive/2026/texmf-dist/tex/latex/hyperref/puenc.def
File: puenc.def 2026-01-29 v7.01p Hyperref: PDF Unicode definition (HO)
Now handling font encoding PU ...
... no UTF-8 mapping file for font encoding PU
)
Package hyperref Info: Hyper figures OFF on input line 4201.
Package hyperref Info: Link nesting OFF on input line 4206.
Package hyperref Info: Hyper index ON on input line 4209.
Package hyperref Info: Plain pages OFF on input line 4216.
Package hyperref Info: Backreferencing OFF on input line 4221.
Package hyperref Info: Implicit mode ON; LaTeX internals redefined.
Package hyperref Info: Bookmarks ON on input line 4468.
\c@Hy@tempcnt=\count295
 (/usr/local/texlive/2026/texmf-dist/tex/latex/url/url.sty
\Urlmuskip=\muskip17
Package: url 2013/09/16  ver 3.4  Verb mode for urls, etc.
)
LaTeX Info: Redefining \url on input line 4807.
\XeTeXLinkMargin=\dimen165
 (/usr/local/texlive/2026/texmf-dist/tex/generic/bitset/bitset.sty
Package: bitset 2019/12/09 v1.3 Handle bit-vector datatype (HO)
 (/usr/local/texlive/2026/texmf-dist/tex/generic/bigintcalc/bigintcalc.sty
Package: bigintcalc 2019/12/15 v1.5 Expandable calculations on big integers (HO)
))
\Fld@menulength=\count296
\Field@Width=\dimen166
\Fld@charsize=\dimen167
Package hyperref Info: Hyper figures OFF on input line 6084.
Package hyperref Info: Link nesting OFF on input line 6089.
Package hyperref Info: Hyper index ON on input line 6092.
Package hyperref Info: backreferencing OFF on input line 6099.
Package hyperref Info: Link coloring OFF on input line 6104.
Package hyperref Info: Link coloring with OCG OFF on input line 6109.
Package hyperref Info: PDF/A mode OFF on input line 6114.
\Hy@abspage=\count297
\c@Item=\count298
\c@Hfootnote=\count299
)
Package hyperref Info: Driver (autodetected): hpdftex.
 (/usr/local/texlive/2026/texmf-dist/tex/latex/hyperref/hpdftex.def
File: hpdftex.def 2026-01-29 v7.01p Hyperref driver for pdfTeX
\Fld@listcount=\count300
\c@bookmark@seq@number=\count301
 (/usr/local/texlive/2026/texmf-dist/tex/latex/rerunfilecheck/rerunfilecheck.sty
Package: rerunfilecheck 2025-06-21 v1.11 Rerun checks for auxiliary files (HO)
 (/usr/local/texlive/2026/texmf-dist/tex/generic/uniquecounter/uniquecounter.sty
Package: uniquecounter 2019/12/15 v1.4 Provide unlimited unique counter (HO)
)
Package uniquecounter Info: New unique counter `rerunfilecheck' on input line 284.
)
\Hy@SectionHShift=\skip54
) (/usr/local/texlive/2026/texmf-dist/tex/latex/booktabs/booktabs.sty
Package: booktabs 2020/01/12 v1.61803398 Publication quality tables
\heavyrulewidth=\dimen168
\lightrulewidth=\dimen169
\cmidrulewidth=\dimen170
\belowrulesep=\dimen171
\belowbottomsep=\dimen172
\aboverulesep=\dimen173
\abovetopsep=\dimen174
\cmidrulesep=\dimen175
\cmidrulekern=\dimen176
\defaultaddspace=\dimen177
\@cmidla=\count302
\@cmidlb=\count303
\@aboverulesep=\dimen178
\@belowrulesep=\dimen179
\@thisruleclass=\count304
\@lastruleclass=\count305
\@thisrulewidth=\dimen180
) (/usr/local/texlive/2026/texmf-dist/tex/latex/tools/tabularx.sty
Package: tabularx 2023/12/11 v2.12a `tabularx' package (DPC)
 (/usr/local/texlive/2026/texmf-dist/tex/latex/tools/array.sty
Package: array 2025/09/25 v2.6n Tabular extension package (FMi)
\col@sep=\dimen181
\ar@mcellbox=\box55
\extrarowheight=\dimen182
\NC@list=\toks24
\extratabsurround=\skip55
\backup@length=\skip56
\ar@cellbox=\box56
)
\TX@col@width=\dimen183
\TX@old@table=\dimen184
\TX@old@col=\dimen185
\TX@target=\dimen186
\TX@delta=\dimen187
\TX@cols=\count306
\TX@ftn=\toks25
) (/usr/local/texlive/2026/texmf-dist/tex/latex/enumitem/enumitem.sty
Package: enumitem 2025/02/06 v3.11 Customized lists
\labelindent=\skip57
\enit@outerparindent=\dimen188
\enit@toks=\toks26
\enit@inbox=\box57
\enit@count@id=\count307
\enitdp@description=\count308
) (/usr/local/texlive/2026/texmf-dist/tex/latex/fancyhdr/fancyhdr.sty
Package: fancyhdr 2025/02/07 v5.2 Extensive control of page headers and footers
\f@nch@headwidth=\skip58
\f@nch@offset@elh=\skip59
\f@nch@offset@erh=\skip60
\f@nch@offset@olh=\skip61
\f@nch@offset@orh=\skip62
\f@nch@offset@elf=\skip63
\f@nch@offset@erf=\skip64
\f@nch@offset@olf=\skip65
\f@nch@offset@orf=\skip66
\f@nch@height=\skip67
\f@nch@footalignment=\skip68
\f@nch@widthL=\skip69
\f@nch@widthC=\skip70
\f@nch@widthR=\skip71
\@temptokenb=\toks27
) (/usr/local/texlive/2026/texmf-dist/tex/latex/graphics/graphicx.sty
Package: graphicx 2024/12/31 v1.2e Enhanced LaTeX Graphics (DPC,SPQR)
 (/usr/local/texlive/2026/texmf-dist/tex/latex/graphics/graphics.sty
Package: graphics 2024/08/06 v1.4g Standard LaTeX Graphics (DPC,SPQR)
 (/usr/local/texlive/2026/texmf-dist/tex/latex/graphics/trig.sty
Package: trig 2023/12/02 v1.11 sin cos tan (DPC)
) (/usr/local/texlive/2026/texmf-dist/tex/latex/graphics-cfg/graphics.cfg
File: graphics.cfg 2016/06/04 v1.11 sample graphics configuration
)
Package graphics Info: Driver file: pdftex.def on input line 106.
)
\Gin@req@height=\dimen189
\Gin@req@width=\dimen190
) (/usr/local/texlive/2026/texmf-dist/tex/latex/amsmath/amsmath.sty
Package: amsmath 2025/07/09 v2.17z AMS math features
\@mathmargin=\skip72

For additional information on amsmath, use the `?' option.
(/usr/local/texlive/2026/texmf-dist/tex/latex/amsmath/amstext.sty
Package: amstext 2024/11/17 v2.01 AMS text
 (/usr/local/texlive/2026/texmf-dist/tex/latex/amsmath/amsgen.sty
File: amsgen.sty 1999/11/30 v2.0 generic functions
\@emptytoks=\toks28
\ex@=\dimen191
)) (/usr/local/texlive/2026/texmf-dist/tex/latex/amsmath/amsbsy.sty
Package: amsbsy 1999/11/29 v1.2d Bold Symbols
\pmbraise@=\dimen192
) (/usr/local/texlive/2026/texmf-dist/tex/latex/amsmath/amsopn.sty
Package: amsopn 2022/04/08 v2.04 operator names
)
\inf@bad=\count309
LaTeX Info: Redefining \frac on input line 233.
\uproot@=\count310
\leftroot@=\count311
LaTeX Info: Redefining \overline on input line 398.
LaTeX Info: Redefining \colon on input line 409.
\classnum@=\count312
\DOTSCASE@=\count313
LaTeX Info: Redefining \ldots on input line 495.
LaTeX Info: Redefining \dots on input line 498.
LaTeX Info: Redefining \cdots on input line 619.
\Mathstrutbox@=\box58
\strutbox@=\box59
LaTeX Info: Redefining \big on input line 721.
LaTeX Info: Redefining \Big on input line 722.
LaTeX Info: Redefining \bigg on input line 723.
LaTeX Info: Redefining \Bigg on input line 724.
\big@size=\dimen193
LaTeX Font Info:    Redeclaring font encoding OML on input line 742.
LaTeX Font Info:    Redeclaring font encoding OMS on input line 743.
\macc@depth=\count314
LaTeX Info: Redefining \bmod on input line 904.
LaTeX Info: Redefining \pmod on input line 909.
LaTeX Info: Redefining \smash on input line 939.
LaTeX Info: Redefining \relbar on input line 969.
LaTeX Info: Redefining \Relbar on input line 970.
\c@MaxMatrixCols=\count315
\dotsspace@=\muskip18
\c@parentequation=\count316
\dspbrk@lvl=\count317
\tag@help=\toks29
\row@=\count318
\column@=\count319
\maxfields@=\count320
\andhelp@=\toks30
\eqnshift@=\dimen194
\alignsep@=\dimen195
\tagshift@=\dimen196
\tagwidth@=\dimen197
\totwidth@=\dimen198
\lineht@=\dimen199
\@envbody=\toks31
\multlinegap=\skip73
\multlinetaggap=\skip74
\mathdisplay@stack=\toks32
LaTeX Info: Redefining \[ on input line 2950.
LaTeX Info: Redefining \] on input line 2951.
)
Package hyperref Info: Option `colorlinks' set `true' on input line 34.
LaTeX Font Info:    Trying to load font information for T1+phv on input line 52.
 (/usr/local/texlive/2026/texmf-dist/tex/latex/psnfss/t1phv.fd
File: t1phv.fd 2020/03/25 scalable font definitions for T1/phv.
) (/usr/local/texlive/2026/texmf-dist/tex/latex/l3backend/l3backend-pdftex.def
File: l3backend-pdftex.def 2025-10-09 L3 backend support: PDF output (pdfTeX)
\l__color_backend_stack_int=\count321
) (./Paper.aux)
\openout1 = `Paper.aux'.

LaTeX Font Info:    Checking defaults for OML/cmm/m/it on input line 52.
LaTeX Font Info:    ... okay on input line 52.
LaTeX Font Info:    Checking defaults for OMS/cmsy/m/n on input line 52.
LaTeX Font Info:    ... okay on input line 52.
LaTeX Font Info:    Checking defaults for OT1/cmr/m/n on input line 52.
LaTeX Font Info:    ... okay on input line 52.
LaTeX Font Info:    Checking defaults for T1/cmr/m/n on input line 52.
LaTeX Font Info:    ... okay on input line 52.
LaTeX Font Info:    Checking defaults for TS1/cmr/m/n on input line 52.
LaTeX Font Info:    ... okay on input line 52.
LaTeX Font Info:    Checking defaults for OMX/cmex/m/n on input line 52.
LaTeX Font Info:    ... okay on input line 52.
LaTeX Font Info:    Checking defaults for U/cmr/m/n on input line 52.
LaTeX Font Info:    ... okay on input line 52.
LaTeX Font Info:    Checking defaults for PD1/pdf/m/n on input line 52.
LaTeX Font Info:    ... okay on input line 52.
LaTeX Font Info:    Checking defaults for PU/pdf/m/n on input line 52.
LaTeX Font Info:    ... okay on input line 52.

*geometry* driver: auto-detecting
*geometry* detected driver: pdftex
*geometry* verbose mode - [ preamble ] result:
* driver: pdftex
* paper: a4paper
* layout: <same size as paper>
* layoutoffset:(h,v)=(0.0pt,0.0pt)
* modes: 
* h-part:(L,W,R)=(71.13188pt, 455.24411pt, 71.13188pt)
* v-part:(T,H,B)=(71.13188pt, 702.78308pt, 71.13188pt)
* \paperwidth=597.50787pt
* \paperheight=845.04684pt
* \textwidth=455.24411pt
* \textheight=702.78308pt
* \oddsidemargin=-1.1381pt
* \evensidemargin=-1.1381pt
* \topmargin=-38.1381pt
* \headheight=12.0pt
* \headsep=25.0pt
* \topskip=11.0pt
* \footskip=30.0pt
* \marginparwidth=50.0pt
* \marginparsep=10.0pt
* \columnsep=10.0pt
* \skip\footins=10.0pt plus 4.0pt minus 2.0pt
* \hoffset=0.0pt
* \voffset=0.0pt
* \mag=1000
* \@twocolumnfalse
* \@twosidefalse
* \@mparswitchfalse
* \@reversemarginfalse
* (1in=72.27pt=25.4mm, 1cm=28.453pt)

LaTeX Info: Redefining \microtypecontext on input line 52.
Package microtype Info: Applying patch `item' on input line 52.
Package microtype Info: Applying patch `toc' on input line 52.
Package microtype Info: Applying patch `eqnum' on input line 52.
Package microtype Info: Applying patch `footnote' on input line 52.
Package microtype Info: Applying patch `verbatim' on input line 52.
LaTeX Info: Redefining \microtypesetup on input line 52.
Package microtype Info: Generating PDF output.
Package microtype Info: Character protrusion enabled (level 2).
Package microtype Info: Using default protrusion set `alltext'.
Package microtype Info: Automatic font expansion enabled (level 2),
(microtype)             stretch: 20, shrink: 20, step: 1, non-selected.
Package microtype Info: Using default expansion set `alltext-nott'.
Package microtype Info: Patching command `\showhyphens'.
Package microtype Info: No adjustment of tracking.
Package microtype Info: No adjustment of interword spacing.
Package microtype Info: No adjustment of character kerning.
Package microtype Info: Loading generic protrusion settings for font family
(microtype)             `phv' (encoding: T1).
(microtype)             For optimal results, create family-specific settings.
(microtype)             See the microtype manual for details.
(/usr/local/texlive/2026/texmf-dist/tex/context/base/mkii/supp-pdf.mkii
[Loading MPS to PDF converter (version 2006.09.02).]
\scratchcounter=\count322
\scratchdimen=\dimen256
\scratchbox=\box60
\nofMPsegments=\count323
\nofMParguments=\count324
\everyMPshowfont=\toks33
\MPscratchCnt=\count325
\MPscratchDim=\dimen257
\MPnumerator=\count326
\makeMPintoPDFobject=\count327
\everyMPtoPDFconversion=\toks34
) (/usr/local/texlive/2026/texmf-dist/tex/latex/epstopdf-pkg/epstopdf-base.sty
Package: epstopdf-base 2020-01-24 v2.11 Base part for package epstopdf
 (/usr/local/texlive/2026/texmf-dist/tex/latex/grfext/grfext.sty
Package: grfext 2019/12/03 v1.3 Manage graphics extensions (HO)
)
Package epstopdf-base Info: Redefining graphics rule for `.eps' on input line 485.
Package grfext Info: Graphics extension search list:
(grfext)             [.pdf,.png,.jpg,.mps,.jpeg,.jbig2,.jb2,.PDF,.PNG,.JPG,.JPEG,.JBIG2,.JB2,.eps]
(grfext)             \AppendGraphicsExtensions on input line 504.
 (/usr/local/texlive/2026/texmf-dist/tex/latex/latexconfig/epstopdf-sys.cfg
File: epstopdf-sys.cfg 2010/07/13 v1.3 Configuration of (r)epstopdf for TeX Live
))
Package hyperref Info: Link coloring ON on input line 52.
 (./Paper.out) (./Paper.out)
\@outlinefile=\write3
\openout3 = `Paper.out'.

 (/usr/local/texlive/2026/texmf-dist/tex/latex/microtype/mt-cmr.cfg
File: mt-cmr.cfg 2013/05/19 v2.2 microtype config. file: Computer Modern Roman (RS)
)
Package microtype Info: Loading generic protrusion settings for font family
(microtype)             `cmtt' (encoding: T1).
(microtype)             For optimal results, create family-specific settings.
(microtype)             See the microtype manual for details.
 [1

{/usr/local/texlive/2026/texmf-var/fonts/map/pdftex/updmap/pdftex.map}{/usr/local/texlive/2026/texmf-dist/fonts/enc/dvips/base/8r.enc}{/usr/local/texlive/2026/texmf-dist/fonts/enc/dvips/cm-super/cm-super-t1.enc}] [2] (./Paper.toc
pdfTeX warning (ext4): destination with the same identifier (name{page.1}) has been already used, duplicate ignored
<to be read again> 
                   \relax 
l.48 ...ns (H2 violated)}{18}{subsubsection.6.2.2}
                                                  % [1])
\tf@toc=\write4
\openout4 = `Paper.toc'.


pdfTeX warning (ext4): destination with the same identifier (name{page.2}) has been already used, duplicate ignored
<to be read again> 
                   \relax 
l.99 \newpage
              [2]
LaTeX Font Info:    Trying to load font information for TS1+phv on input line 109.
 (/usr/local/texlive/2026/texmf-dist/tex/latex/psnfss/ts1phv.fd
File: ts1phv.fd 2020/03/25 scalable font definitions for TS1/phv.
)
Package microtype Info: Loading generic protrusion settings for font family
(microtype)             `phv' (encoding: TS1).
(microtype)             For optimal results, create family-specific settings.
(microtype)             See the microtype manual for details.

Underfull \hbox (badness 10000) in paragraph at lines 120--130

 []

[3] [4] [5]
Underfull \hbox (badness 10000) in paragraph at lines 290--290
[]|\T1/phv/m/n/10 (+20) Carly En-ter-
 []


Underfull \hbox (badness 10000) in paragraph at lines 290--290
[]|\T1/phv/m/n/10 (+20) Direct AI
 []


Underfull \hbox (badness 4886) in paragraph at lines 290--290
[]|\T1/phv/m/n/10 (+20) Vehicle di-ag-nos-tics,
 []


Underfull \hbox (badness 10000) in paragraph at lines 290--290
\T1/phv/m/n/10 (+20) pre-dic-tive main-te-
 []


Underfull \hbox (badness 10000) in paragraph at lines 290--290
\T1/phv/m/n/10 (+20) func-tion-al-ity than
 []


Underfull \hbox (badness 10000) in paragraph at lines 290--290
[]|\T1/phv/m/n/10 (+20) Direct AI
 []


Underfull \hbox (badness 10000) in paragraph at lines 290--290
[]|\T1/phv/m/n/10 (+20) Broad in-te-gra-tion
 []


Underfull \hbox (badness 10000) in paragraph at lines 290--290
\T1/phv/m/n/10 (+20) across au-to-mo-tive
 []


Underfull \hbox (badness 1635) in paragraph at lines 290--290
[]|\T1/phv/m/n/10 (+20) Potential com-plex-ity
 []


Underfull \hbox (badness 1509) in paragraph at lines 290--290
\T1/phv/m/n/10 (+20) and lim-ited pub-licly
 []


Underfull \hbox (badness 10000) in paragraph at lines 290--290
\T1/phv/m/n/10 (+20) avail-able ev-i-dence
 []


Underfull \hbox (badness 2799) in paragraph at lines 290--290
\T1/phv/m/n/10 (+20) tive Di-ag-nos-
 []


Underfull \hbox (badness 10000) in paragraph at lines 290--290
[]|\T1/phv/m/n/10 (+20) OEM/Tier-
 []


Underfull \hbox (badness 10000) in paragraph at lines 290--290
\T1/phv/m/n/10 (+20) 1 in-cum-
 []


Underfull \hbox (badness 1194) in paragraph at lines 290--290
[]|\T1/phv/m/n/10 (+20) Continuous mon-i-tor-
 []


Underfull \hbox (badness 2644) in paragraph at lines 290--290
\T1/phv/m/n/10 (+20) ing of ve-hi-cle and
 []


Underfull \hbox (badness 7832) in paragraph at lines 290--290
[]|\T1/phv/m/n/10 (+20) Technical ex-per-tise
 []


Underfull \hbox (badness 5756) in paragraph at lines 290--290
\T1/phv/m/n/10 (+20) and OEM re-la-tion-
 []


Underfull \hbox (badness 1910) in paragraph at lines 290--290
[]|\T1/phv/m/n/10 (+20) Possible ecosys-tem
 []


Underfull \hbox (badness 10000) in paragraph at lines 290--290
\T1/phv/m/n/10 (+20) de-pen-dence and
 []


Underfull \hbox (badness 10000) in paragraph at lines 290--290
[]|\T1/phv/m/n/10 (+20) Fixed-interval
 []


Underfull \hbox (badness 1231) in paragraph at lines 290--290
[]|\T1/phv/m/n/10 (+20) Simple and fa-mil-iar
 []


Underfull \hbox (badness 10000) in paragraph at lines 290--290
\T1/phv/m/n/10 (+20) sched-uled main-te-
 []


Underfull \hbox (badness 10000) in paragraph at lines 290--290
[]|\T1/phv/m/n/10 (+20) Low tech-no-log-i-cal
 []


Underfull \hbox (badness 10000) in paragraph at lines 290--290
[]|\T1/phv/m/n/10 (+20) Reactive
 []


Underfull \hbox (badness 10000) in paragraph at lines 290--290
[]|\T1/phv/m/n/10 (+20) High ex-po-sure to
 []


Underfull \hbox (badness 10000) in paragraph at lines 290--290
\T1/phv/m/n/10 (+20) down-time, emer-
 []


Underfull \hbox (badness 10000) in paragraph at lines 290--290
\T1/phv/m/n/10 (+20) gency re-pair and
 []


Underfull \hbox (badness 10000) in paragraph at lines 290--290
[]|\T1/phv/m/n/10 (+20) AI-driven
 []


Underfull \hbox (badness 10000) in paragraph at lines 290--290
\T1/phv/m/n/10 (+20) main-te-nance for
 []


Underfull \hbox (badness 2285) in paragraph at lines 290--290
\T1/phv/m/n/10 (+20) small and medium-
 []


Underfull \hbox (badness 10000) in paragraph at lines 290--290
\T1/phv/m/n/10 (+20) sized multi-brand
 []


Underfull \hbox (badness 10000) in paragraph at lines 290--290
[]|\T1/phv/m/n/10 (+20) Focused prod-uct,
 []


Underfull \hbox (badness 10000) in paragraph at lines 290--290
\T1/phv/m/n/10 (+20) lightweight in-te-gra-
 []


Underfull \hbox (badness 3333) in paragraph at lines 290--290
\T1/phv/m/n/10 (+20) tion and hardware-
 []


Underfull \hbox (badness 3019) in paragraph at lines 290--290
\T1/phv/m/n/10 (+20) dic-tive per-for-mance
 []


Underfull \hbox (badness 10000) in paragraph at lines 295--299

 []


Underfull \hbox (badness 10000) in paragraph at lines 300--306

 []

[6]
Underfull \hbox (badness 10000) in paragraph at lines 307--311

 []


Underfull \hbox (badness 10000) in paragraph at lines 312--317

 []

[7]
LaTeX Font Info:    Font shape `T1/phv/m/it' in size <10.95> not available
(Font)              Font shape `T1/phv/m/sl' tried instead on input line 363.

Overfull \hbox (20.35616pt too wide) in paragraph at lines 366--367
[]\T1/phv/b/n/10.95 (-20) Model Train-ing: \T1/phv/m/n/10.95 (-20) can-di-date mod-els (gra-di-ent boost-ing for tab-u-lar fea-tures, or LSTM/Transformer
 []

[8] [9] [10] [11]
Underfull \hbox (badness 5756) in paragraph at lines 478--478
[]|\T1/phv/m/n/10 (+20) All U.S. for-hire car-ri-ers with
 []

[12] [13]
Underfull \hbox (badness 10000) in paragraph at lines 546--547

 []


Underfull \hbox (badness 4316) in paragraph at lines 586--586
[]|\T1/phv/m/n/10 (+20) Validates data avail-abil-ity and hardware-
 []


LaTeX Warning: `!h' float specifier changed to `!ht'.

[14] [15]
Underfull \hbox (badness 10000) in paragraph at lines 656--656
[]|$\OMS/cmsy/m/n/10 ^^U$\T1/phv/m/n/10 (+20) 60% of in-ter-
 []


Underfull \hbox (badness 10000) in paragraph at lines 656--656
\T1/phv/m/n/10 (+20) vie-wees rank
 []


Underfull \hbox (badness 2495) in paragraph at lines 656--656
\T1/phv/m/n/10 (+20) time among top
 []


Underfull \hbox (badness 10000) in paragraph at lines 656--656
\T1/phv/m/n/10 (+20) 3 op-er-a-tional
 []


Underfull \hbox (badness 10000) in paragraph at lines 656--656
\T1/phv/m/n/10 (+20) con-firms high
 []


Underfull \hbox (badness 10000) in paragraph at lines 656--656
\T1/phv/m/n/10 (+20) fre-quency and
 []


Underfull \hbox (badness 10000) in paragraph at lines 656--656
\T1/phv/m/n/10 (+20) con-sider down-
 []


Underfull \hbox (badness 10000) in paragraph at lines 656--656
\T1/phv/m/n/10 (+20) or sec-ondary;
 []


Underfull \hbox (badness 10000) in paragraph at lines 656--656
\T1/phv/m/n/10 (+20) sur-vey shows
 []


Underfull \hbox (badness 10000) in paragraph at lines 656--656
\T1/phv/m/n/10 (+20) low vari-abil-ity
 []


Underfull \hbox (badness 10000) in paragraph at lines 656--656
\T1/phv/m/n/10 (+20) in main-te-nance
 []


Underfull \hbox (badness 10000) in paragraph at lines 656--656
[]|\T1/phv/m/n/10 (+20) Revisit prob-lem
 []


Underfull \hbox (badness 3250) in paragraph at lines 656--656
[]|$\OMS/cmsy/m/n/10 ^^U$\T1/phv/m/n/10 (+20) 60% re-port at
 []


Underfull \hbox (badness 3118) in paragraph at lines 656--656
\T1/phv/m/n/10 (+20) least one ma-jor
 []


Underfull \hbox (badness 7522) in paragraph at lines 656--656
\T1/phv/m/n/10 (+20) ity, cost, OEM
 []


Underfull \hbox (badness 4899) in paragraph at lines 656--656
\T1/phv/m/n/10 (+20) cur-rent tools or
 []


Underfull \hbox (badness 2213) in paragraph at lines 656--656
\T1/phv/m/n/10 (+20) or fo-cus on un-
 []


Underfull \hbox (badness 10000) in paragraph at lines 656--656
[]|\T1/phv/m/n/10 (+20) Persistent data
 []


Underfull \hbox (badness 10000) in paragraph at lines 656--656
\T1/phv/m/n/10 (+20) gaps, in-com-pat-
 []


Underfull \hbox (badness 10000) in paragraph at lines 656--656
\T1/phv/m/n/10 (+20) i-ble for-mats or
 []


Underfull \hbox (badness 10000) in paragraph at lines 656--656
\T1/phv/m/n/10 (+20) ex-ces-sive in-te-
 []


Underfull \hbox (badness 1389) in paragraph at lines 656--656
[]|\T1/phv/m/n/10 (+20) Simplify data re-
 []


Underfull \hbox (badness 3815) in paragraph at lines 656--656
\T1/phv/m/n/10 (+20) ics providers or
 []


Underfull \hbox (badness 10000) in paragraph at lines 656--656
\T1/phv/m/n/10 (+20) us-abil-ity scores;
 []


Underfull \hbox (badness 5077) in paragraph at lines 656--656
\OMS/cmsy/m/n/10 ^^U$\T1/phv/m/n/10 (+20) 70% of alerts
 []


Underfull \hbox (badness 4673) in paragraph at lines 656--656
\T1/phv/m/n/10 (+20) are acted upon
 []


Underfull \hbox (badness 3189) in paragraph at lines 656--656
\T1/phv/m/n/10 (+20) or per-ceived as
 []


Underfull \hbox (badness 1112) in paragraph at lines 656--656
\T1/phv/m/n/10 (+20) tion with main-te-
 []


Underfull \hbox (badness 10000) in paragraph at lines 656--656
\T1/phv/m/n/10 (+20) wees in-di-cate
 []


Underfull \hbox (badness 10000) in paragraph at lines 656--656
\T1/phv/m/n/10 (+20) will-ing-ness
 []


Underfull \hbox (badness 10000) in paragraph at lines 656--656
\T1/phv/m/n/10 (+20) to pay within
 []


Underfull \hbox (badness 10000) in paragraph at lines 656--656
\T1/phv/m/n/10 (+20) the pro-posed
 []


Underfull \hbox (badness 6284) in paragraph at lines 656--656
\T1/phv/m/n/10 (+20) range (USD 8--
 []


Underfull \hbox (badness 10000) in paragraph at lines 656--656
\T1/phv/m/n/10 (+20) 15/vehicle/month)
 []


Underfull \hbox (badness 10000) in paragraph at lines 656--656
[]|\T1/phv/m/n/10 (+20) Revisit pric-ing
 []


Underfull \hbox (badness 4266) in paragraph at lines 656--656
\T1/phv/m/n/10 (+20) costs to en-able
 []


Underfull \hbox (badness 5374) in paragraph at lines 656--656
\T1/phv/m/n/10 (+20) ti-cally sig-nif-i-cant
 []


Underfull \hbox (badness 3439) in paragraph at lines 656--656
[]|\T1/phv/m/n/10 (+20) Extend pi-lot du-
 []


Underfull \hbox (badness 2941) in paragraph at lines 656--656
\T1/phv/m/n/10 (+20) model or re-con-
 []


Underfull \hbox (badness 7379) in paragraph at lines 656--656
\T1/phv/m/n/10 (+20) sider the value
 []


LaTeX Warning: `!h' float specifier changed to `!ht'.

[16] [17]
Underfull \hbox (badness 1142) in paragraph at lines 742--742
\T1/phv/m/n/10 (+20) ance re-port-ing, fuel op-ti-miza-
 []


Underfull \hbox (badness 5091) in paragraph at lines 742--742
\T1/phv/m/n/10 (+20) for stan-dard-ized in-te-gra-tions;
 []


Underfull \hbox (badness 10000) in paragraph at lines 742--742
[]|\T1/phv/m/n/10 (+20) Low alert ac-cep-tance rate
 []


Underfull \hbox (badness 3199) in paragraph at lines 742--742
\T1/phv/m/n/10 (+20) from main-te-nance man-agers;
 []


Underfull \hbox (badness 1314) in paragraph at lines 742--742
\T1/phv/m/n/10 (+20) (per-fleet flat fee, tiered pric-
 []


Underfull \hbox (badness 3148) in paragraph at lines 742--742
[]|\T1/phv/m/n/10 (+20) Extend pi-lot du-ra-tion; re-fine
 []


Underfull \hbox (badness 10000) in paragraph at lines 742--742
[]|\T1/phv/m/n/10 (+20) Monitor reg-u-la-tory de-vel-op-
 []


LaTeX Warning: `!h' float specifier changed to `!ht'.

[18] [19] [20] (./Paper.aux)
 ***********
LaTeX2e <2025-11-01>
L3 programming layer <2026-01-19>
 ***********
Package rerunfilecheck Info: File `Paper.out' has not changed.
(rerunfilecheck)             Checksum: AAB12C9A248CD10F4FB5963B3858AFD0;12115.
 ) 
Here is how much of TeX's memory you used:
 15173 strings out of 467525
 238381 string characters out of 5418983
 717401 words of memory out of 5000000
 43418 multiletter control sequences out of 15000+600000
 681702 words of font info for 314 fonts, out of 8000000 for 9000
 1141 hyphenation exceptions out of 8191
 75i,12n,79p,1056b,631s stack positions out of 10000i,1000n,20000p,200000b,200000s
</usr/local/texlive/2026/texmf-dist/fonts/type1/public/amsfonts/cm/cmex10.pfb></usr/local/texlive/2026/texmf-dist/fonts/type1/public/amsfonts/cm/cmmi10.pfb></usr/local/texlive/2026/texmf-dist/fonts/type1/public/amsfonts/cm/cmr10.pfb></usr/local/texlive/2026/texmf-dist/fonts/type1/public/amsfonts/cm/cmsy10.pfb></usr/local/texlive/2026/texmf-dist/fonts/type1/public/cm-super/sftt1095.pfb></usr/local/texlive/2026/texmf-dist/fonts/type1/urw/helvetic/uhvb8a.pfb></usr/local/texlive/2026/texmf-dist/fonts/type1/urw/helvetic/uhvr8a.pfb></usr/local/texlive/2026/texmf-dist/fonts/type1/urw/helvetic/uhvro8a.pfb>
Output written on Paper.pdf (22 pages, 166032 bytes).
PDF statistics:
 471 PDF objects out of 1000 (max. 8388607)
 426 compressed objects within 5 object streams
 105 named destinations out of 1000 (max. 500000)
 64433 words of extra memory for PDF output out of 74296 (max. 10000000)

